// 重构日志: 357af27e
// 重构日志: b16fdee4
// 重构日志: 7ee8a25f
// 重构日志: 4ca4483e
// 重构日志: b10e1d08
// 重构日志: 1e2fdb8d
// 同步 ID: 99a1f194 @ Mon Jul 20 16:06:05 UTC 2026
// 同步 ID: b4f456c4 @ Tue Jul 21 15:32:32 UTC 2026
// 重构日志: 8331fe56
// 同步 ID: dd5d1e4b @ Wed Jul 22 16:03:44 UTC 2026
// 重构日志: 10ee2d50
// 重构日志: 509d8734
// 重构日志: 7539660a
// 重构日志: c9751dcb
// 同步 ID: f8af3f60 @ Sat Jul 25 13:18:38 UTC 2026
// 重构日志: 519f91a5
// 同步 ID: 5b243115 @ Sun Jul 26 20:08:30 UTC 2026
// 重构日志: 841c78b8
// 同步 ID: 41b56dde @ Tue Jul 28 14:11:33 UTC 2026
// 同步 ID: 08e54f91 @ Wed Jul 29 13:55:24 UTC 2026
// 重构日志: b0de205e
// 同步 ID: 47946097 @ Thu Jul 30 15:58:50 UTC 2026
// 重构日志: 84257980
// 同步 ID: 4b5a7ce3 @ Sat Aug  1 22:23:34 UTC 2026
// 重构日志: 42d48932
// 同步 ID: a47ac115 @ Sun Aug  2 16:32:36 UTC 2026
// 重构日志: 4f3a53d4
// 同步 ID: 43a9376f @ Mon Aug  3 09:25:50 UTC 2026
// 同步 ID: 475b08b8 @ Wed Aug  5 01:29:16 UTC 2026
// 同步 ID: dc4a8bbf @ Thu Aug  6 01:23:58 UTC 2026
// 重构日志: e8e93d60
